{
  "id": 1,
  "payload": {
    "document_id": "DOC-001",
    "title": "Quy định nghỉ phép",
    "domain": "nhan_su",
    "department": "BAN_LE",
    "doc_type": "quy_dinh",
    "doc_status": "ACTIVE",
    "text": "Nhân viên được nghỉ phép 12 ngày mỗi năm và có thể chuyển đổi sang nghỉ bù khi cần."
  },
  "vector": {
    "dense": [
      -0.038158845,
      0.03338899,
      -0.009026752,
      -0.037119605,
      0.046579376,
      0.0069216206,
      0.060329348,
      -0.037199546,
      -0.016148226,
      -0.01218445,
      -0.010532321,
      -0.07674405,
      0.052628297,
      0.0100060385,
      0.03581389,
      0.019852193,
      0.01987884,
      -0.027952954,
      -0.033921935,
      0.027979601,
      -0.014602687,
      -0.025981057,
      -0.006451963,
      -0.025221612,
      0.025101699,
      -0.029924849,
      0.010532321,
      -0.02827272,
      0.0004201104,
      -0.08473822,
      0.038958263,
      0.04295535,
      0.015708547,
      -0.0091400035,
      0.016907673,
      0.029258668,
      -0.020305196,
      -0.03714625,
      0.012610806,
      0.017720414,
      0.020771522,
      -0.018972835,
      -0.0487378,
      -0.06640492,
      0.09161321,
      -0.04508713,
      -0.026034353,
      -0.026274178,
      0.06507256,
      -0.024675343,
      -0.04236911,
      0.03448153,
      0.036027066,
      0.0579311,
      0.006272094,
      -0.010685543,
      -0.0043601547,
      0.008733633,
      0.006795046,
      -0.04450089,
      0.02238368,
      0.022743419,
      -0.1611625,
      0.005532633,
      -0.04111669,
      -0.028139485,
      0.017573854,
      0.0042202566,
      -0.0011175186,
      -0.044341005,
      -0.026007706,
      0.016361404,
      0.0031477052,
      0.0066984496,
      -0.016014991,
      0.015855107,
      -0.043115232,
      0.039810974,
      -0.039437912,
      -0.040876865,
      0.009286563,
      0.019599045,
      -0.0012707402,
      -0.008407204,
      -0.007041533,
      0.0057125017,
      -0.0010842095,
      0.021424381,
      -0.017787032,
      -0.01881295,
      0.0482315,
      0.040903512,
      0.02311648,
      0.027926307,
      0.017906945,
      0.024049133,
      0.008966796,
      -0.08521787,
      -0.036933072,
      0.4142047,
      -0.016667848,
      0.014296244,
      -0.024395548,
      -0.025501408,
      0.0062754247,
      0.032642867,
      0.0116048725,
      -0.065712094,
      -0.011651506,
      0.033602167,
      -0.0052128662,
      -0.06731093,
      0.07024212,
      -0.060809,
      -0.070721775,
      0.009326533,
      -0.009000105,
      -0.033762053,
      0.0023133135,
      0.00031893415,
      0.031017387,
      -0.05001687,
      -0.015815137,
      -0.05172229,
      0.039011557,
      -0.070135534,
      0.047618616,
      0.07605122,
      0.05094952,
      0.050256692,
      0.024955139,
      -0.07008224,
      0.04516707,
      -0.024755286,
      -0.0035607372,
      -0.040983453,
      0.026367443,
      -0.011378371,
      0.008713647,
      -0.048657857,
      0.05329448,
      -0.07557157,
      -0.042422406,
      -0.061022177,
      -0.02808619,
      0.021650882,
      -0.050709695,
      0.022183826,
      -0.014775894,
      0.0038805043,
      -0.009339857,
      0.024582079,
      0.014496098,
      -0.0069216206,
      -0.03330905,
      -0.026274178,
      0.06326055,
      0.052122,
      -0.028592488,
      0.0042202566,
      0.039917566,
      -0.064592905,
      0.0017653796,
      0.06603186,
      0.0054127206,
      -0.003220985,
      -0.0052495063,
      -0.035014473,
      0.0386385,
      -0.07839618,
      0.06832352,
      0.01991881,
      -0.08447175,
      -0.010299158,
      0.03613366,
      -0.0058157598,
      0.06827023,
      0.052122,
      -0.0540406,
      -0.03418841,
      -0.058464043,
      -0.049777042,
      0.040690333,
      0.022530241,
      0.057184976,
      -0.027873011,
      -0.020052047,
      -0.024555432,
      0.013976477,
      0.009486417,
      -0.022610182,
      0.03871844,
      -0.010672219,
      0.019492455,
      0.01612158,
      -0.007181431,
      -0.05489331,
      -0.005052983,
      -0.057184976,
      0.019852193,
      0.03221651,
      -0.0656588,
      -0.03823879,
      -0.015628606,
      0.044740714,
      -0.012797337,
      -0.04295535,
      -0.014789218,
      -0.0073679616,
      0.10168587,
      -0.021917354,
      -0.00041886128,
      0.011844697,
      -0.020478403,
      -0.03011138,
      0.028059542,
      -0.025461437,
      0.0482848,
      0.048817743,
      -0.021637559,
      0.01983887,
      -0.06768399,
      0.010918707,
      -0.28885606,
      0.020131988,
      0.03794567,
      -0.013670034,
      0.07509192,
      -0.020145312,
      -0.005392735,
      0.018679714,
      0.093851574,
      0.043488294,
      0.023702718,
      0.029978145,
      0.0067184353,
      0.074878745,
      0.011511607,
      -0.036746543,
      0.048044972,
      -0.05713168,
      0.00026147603,
      0.025607998,
      -0.044101182,
      0.05675862,
      -0.040024154,
      -0.042049345,
      0.016841056,
      0.01572187,
      0.13771293,
      -0.00143562,
      0.020131988,
      0.018200064,
      0.07498533,
      0.04383471,
      -0.055159785,
      -0.10781473,
      0.079888426,
      -0.013843241,
      -0.05230853,
      -0.046952434,
      -0.01741397,
      -0.058943693,
      0.052148648,
      0.0120512135,
      -0.03357552,
      -0.089694604,
      -0.013976477,
      0.011798065,
      -0.03986427,
      0.02587447,
      -0.10445718,
      0.05713168,
      -0.0067450823,
      -0.009806184,
      -0.007427918,
      -0.0113184145,
      -0.031550333,
      0.0058590616,
      -0.053401068,
      0.0009201625,
      0.03261622,
      0.02017196,
      0.02779307,
      0.008780265,
      0.011538254,
      -0.014229625,
      -0.009233268,
      0.016547935,
      0.072906844,
      0.0074412418,
      -0.00038700952,
      0.07157449,
      -0.013163736,
      -0.014629334,
      -0.047138967,
      -0.034748,
      0.019199336,
      -0.039251383,
      0.017906945,
      -0.054786723,
      0.046286255,
      -0.033415638,
      0.053720836,
      -0.074185915,
      0.025994381,
      0.017094204,
      0.043195173,
      0.00021359428,
      0.054200485,
      0.0010392424,
      0.07567816,
      -0.0039138133,
      -0.043461647,
      0.030537736,
      0.020038724,
      -0.044634126,
      0.0012557511,
      -0.00279796,
      -0.27158865,
      0.054680135,
      -0.052335177,
      0.0936384,
      -0.01866639,
      -0.003647341,
      0.04759197,
      0.041729577,
      -0.090120964,
      0.067790575,
      0.019425837,
      0.018053504,
      0.010605602,
      -0.06491268,
      0.018026857,
      -0.03522765,
      -0.028512547,
      0.0023799315,
      0.04114334,
      -0.0056891856,
      0.021810764,
      0.020531697,
      0.1244959,
      0.032029983,
      -0.0006162174,
      -0.01708088,
      0.0041536386,
      -0.023236392,
      -0.03887832,
      -0.037812434,
      -0.0328294,
      -0.01237098,
      0.048684508,
      -0.013776623,
      0.041916106,
      0.065552205,
      -0.07786323,
      0.01240429,
      0.02161091,
      -0.0074412418,
      -0.034801293,
      0.044580832,
      -0.055372965,
      0.045140423,
      0.05675862,
      -0.0015638599,
      -0.0149091305,
      -0.08617717,
      0.045220364,
      0.020185284,
      0.0468192,
      -0.002558135,
      0.012943896,
      0.085004695,
      0.028166132,
      0.014789218,
      -0.003890497,
      -0.09140003,
      0.101525985,
      -0.0791423,
      0.028485898,
      0.005052983,
      0.12023234,
      0.045993134,
      0.031070681
    ],
    "keywords": {
      "indices": [
        53487911,
        103616747,
        227867999,
        228347099,
        316267852,
        683022899,
        713926814,
        732467675,
        757096994,
        873203361,
        980622016,
        1000629648,
        1087016189,
        1229554415,
        1417668429,
        1433409115,
        1478999391,
        1745450706,
        1849926552,
        2110423782
      ],
      "values": [
        1.5932107,
        1.5932107,
        1.5932107,
        1.8480722,
        1.5932107,
        1.5932107,
        1.5932107,
        1.5932107,
        1.5932107,
        1.9521663,
        1.5932107,
        1.5932107,
        1.5932107,
        1.5932107,
        1.5932107,
        1.5932107,
        1.5932107,
        1.5932107,
        1.5932107,
        1.5932107
      ]
    }
  }
}
---
{
  "id": 2,
  "payload": {
    "document_id": "DOC-002",
    "title": "Làm thêm giờ",
    "domain": "nhan_su",
    "department": "BAN_LE",
    "doc_type": "quy_dinh",
    "doc_status": "ACTIVE",
    "text": "Làm thêm giờ phải được trưởng bộ phận phê duyệt trước khi thực hiện."
  },
  "vector": {
    "keywords": {
      "indices": [
        99652074,
        132480035,
        405209143,
        545671002,
        842191323,
        919533449,
        984205918,
        1188133359,
        1229554415,
        1252645376,
        1385446742,
        1409208496,
        1478999391,
        1658979323
      ],
      "values": [
        1.6179259,
        1.6179259,
        1.6179259,
        1.864592,
        1.6179259,
        1.6179259,
        1.6179259,
        1.6179259,
        1.6179259,
        1.864592,
        1.6179259,
        1.6179259,
        1.6179259,
        1.864592
      ]
    },
    "dense": [
      -0.026245695,
      0.047173113,
      0.03823841,
      0.019278752,
      0.036323827,
      -0.012511246,
      0.08594335,
      -0.011208268,
      0.0046834075,
      -0.023014842,
      -0.012890173,
      -0.08977251,
      0.06568071,
      0.005258446,
      0.032946724,
      -0.04174847,
      0.002803729,
      -0.027655037,
      -0.029729165,
      -0.03805227,
      -0.022057552,
      -0.021592204,
      0.01691212,
      -0.04398215,
      0.03310627,
      -0.015024131,
      -0.050124757,
      0.033159453,
      -0.040658224,
      -0.06584027,
      0.009639376,
      0.0020890855,
      0.026750932,
      0.03153738,
      0.048901554,
      0.05903287,
      0.017257808,
      -0.029862123,
      -0.04251962,
      -0.008476003,
      0.03696202,
      -0.010909115,
      -0.022163918,
      -0.010277569,
      0.07535998,
      0.0125843715,
      -0.04044549,
      -0.04581695,
      0.060468804,
      0.014066841,
      -0.03419652,
      -0.01283699,
      0.01129469,
      -0.032441486,
      -0.010104725,
      0.012497949,
      0.0209806,
      0.010590018,
      0.020528547,
      -0.0037660045,
      0.06062835,
      0.025009196,
      -0.16380292,
      0.06217065,
      -0.06631891,
      -0.020342408,
      0.047359254,
      0.0327074,
      -0.04206757,
      0.030819412,
      -0.018786812,
      -0.04438102,
      0.054725066,
      0.016300518,
      -0.009705855,
      -0.030260993,
      -0.013255804,
      -0.023533374,
      -0.07248811,
      -0.0253017,
      0.03347855,
      0.07057353,
      0.056586463,
      -0.013654675,
      -0.013036425,
      0.00975239,
      -0.046401963,
      -0.011467534,
      -0.00055010925,
      -0.007119843,
      0.039062742,
      -0.0016486658,
      -0.004128312,
      0.027229575,
      -0.025660684,
      -0.012723977,
      -0.013209269,
      -0.04113687,
      -0.025368178,
      0.5088527,
      -0.04390237,
      -0.013880702,
      0.036829066,
      -0.029463252,
      0.017204624,
      0.06445751,
      0.019052725,
      -0.04517876,
      0.0033787675,
      0.033904012,
      -0.03653656,
      -0.020355703,
      -0.0011035424,
      0.0069536464,
      -0.021206629,
      0.032973316,
      0.0014525543,
      0.00533822,
      -0.011986066,
      -0.0050623342,
      0.024357706,
      -0.021578906,
      -0.008190146,
      -0.052704122,
      0.024796464,
      -0.07392404,
      -0.011268098,
      0.050124757,
      0.06392568,
      0.07211583,
      0.01999672,
      -0.017696565,
      0.041376192,
      -0.051108636,
      -0.019637736,
      -0.041615512,
      0.025780346,
      -0.05328913,
      -0.03557927,
      -0.05711829,
      -0.0068738726,
      -0.06674437,
      -0.02095401,
      -0.086847454,
      -0.031005552,
      0.013475183,
      -0.037972495,
      0.016606318,
      -0.04653492,
      0.017297694,
      -0.004447409,
      0.019544667,
      -0.00075536146,
      -0.0016195814,
      -0.011081959,
      0.028878242,
      0.013308987,
      0.025288405,
      0.010636553,
      0.009526363,
      0.01950478,
      -0.00715973,
      -0.07211583,
      0.11327929,
      -0.009453236,
      0.0042114104,
      -0.005604134,
      -0.012245332,
      0.053900734,
      0.023227572,
      0.056480095,
      0.04323759,
      -0.079933695,
      -0.0046734354,
      0.008030597,
      -0.02385247,
      0.04119005,
      0.015196975,
      -0.02277552,
      0.025966486,
      -0.01740406,
      0.022163918,
      -0.012444767,
      0.06594663,
      0.034036968,
      -0.061426092,
      -0.052677527,
      -0.022788815,
      0.05249139,
      0.04076459,
      -0.06482979,
      0.06195792,
      0.023905654,
      -0.06722301,
      0.0012672456,
      -0.0012556119,
      -0.024450777,
      -0.027708221,
      -0.018574081,
      0.028213456,
      -0.057224654,
      -0.010835988,
      -0.06621254,
      0.03619087,
      0.0546187,
      0.006621254,
      -0.029516434,
      -0.008868226,
      -0.008961296,
      0.021964481,
      -0.02508897,
      0.017696565,
      0.017510425,
      -0.035871774,
      0.013136143,
      0.010503596,
      0.01675257,
      0.045737177,
      -0.009333575,
      0.0066079586,
      0.029569617,
      -0.035446312,
      -0.010463709,
      -0.29548344,
      0.028904833,
      0.012025952,
      -0.05653328,
      0.03770658,
      -0.03573882,
      0.012192149,
      0.032813765,
      0.08807066,
      -0.007505418,
      0.024450777,
      0.0015688916,
      -0.032414895,
      -0.0063154534,
      0.041801654,
      0.0066544935,
      0.017669974,
      0.051294778,
      0.06381932,
      0.004726618,
      -0.012358345,
      0.044487383,
      -0.014851287,
      -0.021273106,
      0.006986886,
      0.04945997,
      0.13476513,
      0.062011104,
      0.017350877,
      -0.0064085233,
      0.060841084,
      0.03310627,
      0.0036463432,
      -0.082486466,
      0.0796146,
      -0.0013761041,
      -0.037600216,
      -0.09891994,
      -0.01826828,
      -0.037015203,
      0.052278657,
      -0.00029001228,
      -0.052252065,
      -0.08472014,
      -0.025075674,
      0.015210271,
      -0.008994536,
      0.014877878,
      -0.040285945,
      0.016486658,
      0.011553956,
      0.00045288447,
      0.030101445,
      -0.0019062697,
      -0.04363646,
      -0.0462956,
      -0.05039067,
      0.0465881,
      -0.021778343,
      0.007851106,
      0.0023500135,
      -0.011474182,
      0.026365357,
      0.0015639057,
      0.04156233,
      -0.012059192,
      0.054140054,
      0.017417356,
      0.022323465,
      0.13636062,
      -0.0075984877,
      0.049938615,
      -0.04632219,
      -0.022017665,
      0.022948364,
      -0.005128813,
      -0.027136507,
      -0.07174355,
      0.019358527,
      0.004311128,
      0.06594663,
      -0.0163537,
      0.06057517,
      -0.015250158,
      0.012690737,
      -0.0014392586,
      -0.005128813,
      -0.0064982693,
      0.052970033,
      -0.020408886,
      -0.010410526,
      0.011301338,
      0.01567562,
      -0.010703032,
      0.028718693,
      0.009280393,
      -0.30697092,
      0.020528547,
      0.0022951688,
      0.012996539,
      -0.02471669,
      0.04132301,
      -0.014891175,
      0.032574445,
      -0.06482979,
      0.01509061,
      0.041455965,
      0.050417263,
      -0.0039887074,
      -0.05132137,
      -0.032973316,
      -0.028373005,
      -0.0087286215,
      -0.024557142,
      0.011507421,
      -0.007372461,
      -0.017071668,
      -0.023347234,
      0.10253637,
      8.6837485e-05,
      0.018520897,
      -0.024091793,
      0.028798467,
      -0.029755756,
      -0.023559965,
      -0.04345032,
      0.002848602,
      0.028612327,
      0.024410889,
      0.0063088057,
      0.03749385,
      0.03137783,
      -0.07307312,
      -0.042625986,
      -0.013262452,
      0.028878242,
      -0.056054633,
      -0.0018248337,
      -0.052358434,
      0.008874874,
      0.023520079,
      0.02175175,
      0.032547854,
      -0.043051448,
      0.032973316,
      -0.0009664306,
      0.02172516,
      -0.030128036,
      -0.005687232,
      0.028532553,
      0.046508327,
      0.040631633,
      -0.07642363,
      -0.040312536,
      0.051640466,
      -0.031404424,
      -0.017470539,
      -0.037759762,
      0.04079118,
      -0.025541022,
      0.0053182766
    ]
  }
}
---
{
  "id": 3,
  "payload": {
    "document_id": "DOC-003",
    "title": "Hướng dẫn onboarding",
    "domain": "nhan_su",
    "department": "BAN_LE",
    "doc_type": "huong_dan",
    "doc_status": "ACTIVE",
    "text": "Nhân viên mới cần hoàn tất các thủ tục đăng ký tài khoản và cam kết bảo mật thông tin."
  },
  "vector": {
    "dense": [
      -0.028844403,
      0.0665068,
      0.03083642,
      -0.05928242,
      0.006045771,
      0.0013280112,
      0.070915796,
      0.014541723,
      0.013260191,
      -0.029269367,
      0.03697183,
      -0.08993292,
      0.036015663,
      0.037237436,
      0.06523191,
      -0.0006063201,
      -0.0044654375,
      -0.0072177406,
      0.039680973,
      -0.020677134,
      -0.063532054,
      -0.029216247,
      -0.06262901,
      0.007018539,
      -0.005421606,
      -0.018074233,
      0.028950645,
      -0.035086054,
      -0.026865667,
      -0.08164613,
      -0.0039740736,
      0.022151226,
      0.011819299,
      0.06751609,
      0.045338303,
      -0.015205728,
      -0.0055510867,
      -0.012523145,
      0.005431566,
      -0.017888311,
      0.027542952,
      -0.040796503,
      -0.03707807,
      -0.032084752,
      0.07006587,
      -0.017118065,
      0.015750213,
      -0.03659999,
      0.043133803,
      0.047861524,
      -0.01543149,
      0.012576266,
      -0.010106165,
      -0.0355907,
      -0.01073697,
      -0.0065570553,
      0.046028867,
      -0.01547133,
      0.0007341412,
      -0.02025217,
      0.038804486,
      0.030411456,
      -0.16743565,
      0.03179259,
      -0.033651803,
      0.00039715835,
      0.004252956,
      0.00709822,
      -0.008100868,
      0.027941355,
      -0.0064541344,
      -0.020809935,
      -0.050623786,
      0.044514935,
      0.04589607,
      -0.0026394222,
      0.012157942,
      0.039574735,
      -0.058857456,
      -0.071712606,
      -0.018339835,
      0.016918862,
      -0.03768896,
      -0.019707685,
      -0.023426117,
      -0.003188887,
      -0.011460736,
      0.020690415,
      -0.020079529,
      -0.0032967879,
      0.042283878,
      0.024090122,
      0.016148616,
      0.020039689,
      -0.058751214,
      -0.09444816,
      0.008917595,
      -0.002491681,
      -0.090357885,
      0.4700097,
      0.0072907815,
      0.024528367,
      -0.031287942,
      0.011049053,
      0.0095816,
      0.01775551,
      0.012071622,
      0.002486701,
      -0.0117860995,
      0.018778078,
      -0.051606514,
      0.019096801,
      0.018353114,
      -0.046745993,
      -0.039441932,
      0.09906963,
      0.012470025,
      0.0088644745,
      0.0069454988,
      -0.03941537,
      -0.028047597,
      0.025285333,
      0.0020318571,
      -0.028233519,
      0.029295927,
      -0.084992714,
      0.05420942,
      0.047914643,
      0.006039131,
      0.007928227,
      0.049083292,
      -0.023997162,
      0.057529446,
      -0.007204461,
      0.023359716,
      -0.03083642,
      -0.021739542,
      -0.025019731,
      -0.04637415,
      0.0029033644,
      -0.03543134,
      -0.044621177,
      0.07798082,
      -0.07107516,
      -0.030145854,
      -0.04998634,
      0.035165735,
      0.008930875,
      -0.040663704,
      -0.013180511,
      -0.036015663,
      0.009362479,
      0.0066002156,
      0.011646658,
      0.011075613,
      -0.03458141,
      0.063266456,
      0.039866894,
      -0.02378468,
      -0.009767522,
      0.024820529,
      -0.07505919,
      -0.067462966,
      0.12493929,
      0.026493823,
      -0.089879796,
      0.05721072,
      -0.019229602,
      0.020119369,
      -0.023479238,
      0.023080835,
      0.019495204,
      -0.08116804,
      0.037449915,
      0.09200461,
      -0.018366395,
      0.012503225,
      0.009369119,
      -0.008778154,
      -0.016068935,
      0.008804714,
      0.013399633,
      0.02253635,
      0.025936058,
      0.0520846,
      -0.016507179,
      -0.008844554,
      -0.041168347,
      -0.017330546,
      -0.023930762,
      -0.02738359,
      0.0523502,
      -0.02974745,
      0.010265526,
      -0.012350504,
      -0.032164432,
      -0.004153355,
      -0.06640056,
      -0.009900323,
      -0.011513857,
      0.020345131,
      -0.00081631186,
      -0.04863177,
      0.022921473,
      0.025125971,
      -0.0014541723,
      -0.009707762,
      0.0004023459,
      0.0022277387,
      0.036121905,
      -0.01073697,
      0.04860521,
      0.10230998,
      -0.006633416,
      0.014674524,
      -0.014940126,
      0.058538735,
      0.12228327,
      -0.018499196,
      -0.008592232,
      -0.0014674524,
      0.06316021,
      0.045338303,
      -0.31001094,
      0.018631997,
      0.036254704,
      0.034900133,
      -0.023877641,
      -0.0027074828,
      0.02855224,
      0.014833885,
      0.015829893,
      -0.013705076,
      0.03933569,
      0.0019803967,
      -0.00060964015,
      0.03590942,
      0.014369081,
      0.0028187037,
      0.033943966,
      0.00020885051,
      0.07134076,
      -0.005009922,
      -0.009335918,
      0.07537792,
      -0.057316963,
      -0.033784606,
      -0.0011918901,
      0.06358518,
      0.13099502,
      0.050650347,
      0.05572335,
      0.002134778,
      0.013446113,
      0.0016699741,
      0.010949452,
      -0.11707747,
      0.08244293,
      0.043372847,
      0.035696942,
      -0.038963847,
      0.0044654375,
      -0.030677058,
      0.03551102,
      0.011062333,
      -0.053173568,
      -0.07080956,
      -0.014037078,
      -0.04167299,
      -0.04860521,
      -0.009123437,
      -0.08478023,
      -0.024276044,
      0.033917405,
      -0.008658633,
      -0.014820605,
      -0.007735665,
      -0.0001235673,
      -0.025391573,
      -0.008937515,
      -0.04050434,
      -0.004070354,
      0.040716823,
      -0.016241577,
      -0.009980004,
      0.022350429,
      -0.032775316,
      0.021673143,
      0.01653374,
      0.04037154,
      0.026905507,
      0.043665007,
      0.053811014,
      -0.05487342,
      0.04050434,
      0.030198975,
      -0.040955864,
      0.049481697,
      -0.06151348,
      -0.05827313,
      0.025736857,
      0.04536486,
      -0.027489832,
      0.0147807645,
      -0.09529808,
      0.040052816,
      0.019203043,
      -0.011547057,
      -0.014395641,
      0.019455364,
      -0.02964121,
      0.048950493,
      0.014860446,
      -0.038777925,
      0.02147394,
      -0.055988953,
      -0.0063611735,
      0.026839105,
      0.018286714,
      -0.28791282,
      0.002969765,
      -0.033651803,
      0.06199156,
      -0.0035358297,
      0.026321182,
      -0.015869733,
      0.026520383,
      -0.102734946,
      0.022137947,
      -0.01771567,
      0.0034760693,
      -0.046427272,
      -0.031580105,
      0.0027124628,
      0.04268228,
      0.019986568,
      -0.07484671,
      -0.004843921,
      -0.039441932,
      -0.019813927,
      0.019176481,
      0.09997268,
      -0.018379675,
      0.042204194,
      0.017330546,
      0.006420934,
      0.011719699,
      0.03317372,
      -0.04608199,
      -0.013744916,
      -0.01782191,
      0.019628005,
      -0.017423507,
      0.008047747,
      0.08637385,
      -0.04401029,
      -0.025072852,
      0.02013265,
      0.01912336,
      -0.010219046,
      0.04772872,
      0.0040670345,
      -0.031659786,
      0.033864286,
      -0.015139327,
      -0.046002306,
      -0.055298384,
      0.0261087,
      0.026480542,
      0.0129613895,
      -0.03561726,
      0.007961427,
      -0.02250979,
      0.016135337,
      0.018711677,
      -0.06608184,
      -0.04029186,
      0.023266757,
      0.024647888,
      -0.03431581,
      -0.008638713,
      0.039441932,
      0.025497815,
      0.04536486
    ],
    "keywords": {
      "indices": [
        3367376,
        53487911,
        384941082,
        682540696,
        683022899,
        772748628,
        802487914,
        845667722,
        941834627,
        968255819,
        980622016,
        1145286611,
        1190173711,
        1291664640,
        1489546013,
        1531075786,
        1573458054,
        1585189829,
        1665553031,
        1767741419,
        1849926552,
        1859074545,
        2070212737
      ],
      "values": [
        1.5932107,
        1.5932107,
        1.5932107,
        1.5932107,
        1.5932107,
        1.5932107,
        1.5932107,
        1.5932107,
        1.5932107,
        1.5932107,
        1.5932107,
        1.5932107,
        1.5932107,
        1.5932107,
        1.5932107,
        1.5932107,
        1.5932107,
        1.5932107,
        1.5932107,
        1.5932107,
        1.5932107,
        1.5932107,
        1.5932107
      ]
    }
  }
}
---
Upload completed successfully.
